{
  "version": "1.5.0",
  "plugins_used": [
    { "name": "ArtifactoryDetector" },
    { "name": "AWSKeyDetector" },
    { "name": "AzureStorageKeyDetector" },
    { "name": "Base64HighEntropyString", "limit": 4.5 },
    { "name": "BasicAuthDetector" },
    { "name": "CloudantDetector" },
    { "name": "DiscordBotTokenDetector" },
    { "name": "GitHubTokenDetector" },
    { "name": "GitLabTokenDetector" },
    { "name": "HexHighEntropyString", "limit": 3.0 },
    { "name": "IbmCloudIamDetector" },
    { "name": "IbmCosHmacDetector" },
    { "name": "IPPublicDetector" },
    { "name": "JwtTokenDetector" },
    { "name": "KeywordDetector", "keyword_exclude": "" },
    { "name": "MailchimpDetector" },
    { "name": "NpmDetector" },
    { "name": "OpenAIDetector" },
    { "name": "PrivateKeyDetector" },
    { "name": "PypiTokenDetector" },
    { "name": "SendGridDetector" },
    { "name": "SlackDetector" },
    { "name": "SoftlayerDetector" },
    { "name": "SquareOAuthDetector" },
    { "name": "StripeDetector" },
    { "name": "TelegramBotTokenDetector" },
    { "name": "TwilioKeyDetector" }
  ],
  "filters_used": [
    { "path": "detect_secrets.filters.allowlist.is_line_allowlisted" },
    { "path": "detect_secrets.filters.heuristic.is_indirect_reference" },
    { "path": "detect_secrets.filters.heuristic.is_likely_id_string" },
    { "path": "detect_secrets.filters.heuristic.is_lock_file" },
    { "path": "detect_secrets.filters.heuristic.is_not_alphanumeric_string" },
    { "path": "detect_secrets.filters.heuristic.is_potential_uuid" },
    { "path": "detect_secrets.filters.heuristic.is_prefixed_with_dollar_sign" },
    { "path": "detect_secrets.filters.heuristic.is_sequential_string" },
    { "path": "detect_secrets.filters.heuristic.is_swagger_file" },
    { "path": "detect_secrets.filters.heuristic.is_templated_secret" }
  ],
  "results": {
    ".env.example": [
      { "type": "Basic Auth Credentials", "filename": ".env.example", "hashed_secret": "994282f2fe4eb6c6d14793a10ecef4bcffb09d05", "is_verified": false, "line_number": 22, "is_secret": false }
    ],
    ".github/workflows/ci.yml": [
      { "type": "Secret Keyword", "filename": ".github/workflows/ci.yml", "hashed_secret": "afc848c316af1a89d49826c5ae9d00ed769415f3", "is_verified": false, "line_number": 18, "is_secret": false },
      { "type": "Basic Auth Credentials", "filename": ".github/workflows/ci.yml", "hashed_secret": "994282f2fe4eb6c6d14793a10ecef4bcffb09d05", "is_verified": false, "line_number": 26, "is_secret": false },
      { "type": "Secret Keyword", "filename": ".github/workflows/ci.yml", "hashed_secret": "9a1a3beb4232e4adc48d1b72d81ec7c13ca0f71f", "is_verified": false, "line_number": 31, "is_secret": false },
      { "type": "Secret Keyword", "filename": ".github/workflows/ci.yml", "hashed_secret": "a2c64cb3355470af4a0f0c0ab731296c8404d28b", "is_verified": false, "line_number": 51, "is_secret": false }
    ],
    "contracts/platform.lock.json": [
      { "type": "Hex High Entropy String", "filename": "contracts/platform.lock.json", "hashed_secret": "3609aa29443ff7cc05a0c953fc6f686380a92a86", "is_verified": false, "line_number": 4, "is_secret": false },
      { "type": "Hex High Entropy String", "filename": "contracts/platform.lock.json", "hashed_secret": "ae9112efb7dcccc2821201fa45e26f66c580014a", "is_verified": false, "line_number": 8, "is_secret": false },
      { "type": "Hex High Entropy String", "filename": "contracts/platform.lock.json", "hashed_secret": "c6945530f7a3425aca64efeb9835df236e661bba", "is_verified": false, "line_number": 9, "is_secret": false },
      { "type": "Hex High Entropy String", "filename": "contracts/platform.lock.json", "hashed_secret": "421f103988189cbf60ecf815e40aabbecdcea8c1", "is_verified": false, "line_number": 10, "is_secret": false },
      { "type": "Hex High Entropy String", "filename": "contracts/platform.lock.json", "hashed_secret": "94ec5eb5d7bd47e4ecb00111bf40523ec7039a9c", "is_verified": false, "line_number": 11, "is_secret": false },
      { "type": "Hex High Entropy String", "filename": "contracts/platform.lock.json", "hashed_secret": "0b09a74d8b82163f9d0c92b84b00ab815819649d", "is_verified": false, "line_number": 12, "is_secret": false },
      { "type": "Hex High Entropy String", "filename": "contracts/platform.lock.json", "hashed_secret": "419fe4cce83178486a189a7e4d3307a02afff462", "is_verified": false, "line_number": 13, "is_secret": false },
      { "type": "Hex High Entropy String", "filename": "contracts/platform.lock.json", "hashed_secret": "8853aca81859b1e98a2558c2a1f2349c5edf27f5", "is_verified": false, "line_number": 14, "is_secret": false },
      { "type": "Hex High Entropy String", "filename": "contracts/platform.lock.json", "hashed_secret": "3d7fc0708b21c4a1ef71613878121e49e9c6990c", "is_verified": false, "line_number": 15, "is_secret": false },
      { "type": "Hex High Entropy String", "filename": "contracts/platform.lock.json", "hashed_secret": "b70c4376752e7e14837f0be4738610f92ce46711", "is_verified": false, "line_number": 16, "is_secret": false },
      { "type": "Hex High Entropy String", "filename": "contracts/platform.lock.json", "hashed_secret": "83b557194d3f592f1cb558d735fbfedfe8c6f894", "is_verified": false, "line_number": 17, "is_secret": false },
      { "type": "Hex High Entropy String", "filename": "contracts/platform.lock.json", "hashed_secret": "18809b9aaa193bb67f89930fea1be7abf11d3a4d", "is_verified": false, "line_number": 18, "is_secret": false },
      { "type": "Hex High Entropy String", "filename": "contracts/platform.lock.json", "hashed_secret": "21cf4df8e4e7bd0fae597dbb9c43b9cc7b0b464e", "is_verified": false, "line_number": 19, "is_secret": false },
      { "type": "Hex High Entropy String", "filename": "contracts/platform.lock.json", "hashed_secret": "5e8ed7e1a39814b3d5fe0616d52df34a6ed4832c", "is_verified": false, "line_number": 20, "is_secret": false },
      { "type": "Hex High Entropy String", "filename": "contracts/platform.lock.json", "hashed_secret": "ed21dfc4ba4c3d87ef68857aeae6292ea5a31fc1", "is_verified": false, "line_number": 21, "is_secret": false },
      { "type": "Hex High Entropy String", "filename": "contracts/platform.lock.json", "hashed_secret": "5f7a96e17ad4132fbd8c36f6899b533935e53b3c", "is_verified": false, "line_number": 22, "is_secret": false },
      { "type": "Hex High Entropy String", "filename": "contracts/platform.lock.json", "hashed_secret": "56619a043b6ec6ed737df948d49c2f4f762abab0", "is_verified": false, "line_number": 23, "is_secret": false }
    ],
    "contracts/runtime-bundle.lock.json": [
      { "type": "Hex High Entropy String", "filename": "contracts/runtime-bundle.lock.json", "hashed_secret": "60cf3f9346f6db74626b2fd2617cf6977d9a8c5c", "is_verified": false, "line_number": 4, "is_secret": false },
      { "type": "Hex High Entropy String", "filename": "contracts/runtime-bundle.lock.json", "hashed_secret": "bc814160cacbc3b2b4650d326cae5511fb49402d", "is_verified": false, "line_number": 7, "is_secret": false },
      { "type": "Hex High Entropy String", "filename": "contracts/runtime-bundle.lock.json", "hashed_secret": "2f57ee6ec8f4cf0b89b837ce01f1c67639f5ff32", "is_verified": false, "line_number": 8, "is_secret": false },
      { "type": "Hex High Entropy String", "filename": "contracts/runtime-bundle.lock.json", "hashed_secret": "34ac000da71d1448fca759649ace3fbc99dfb877", "is_verified": false, "line_number": 9, "is_secret": false }
    ],
    "docker-compose.yml": [
      { "type": "Secret Keyword", "filename": "docker-compose.yml", "hashed_secret": "994282f2fe4eb6c6d14793a10ecef4bcffb09d05", "is_verified": false, "line_number": 30, "is_secret": false },
      { "type": "Secret Keyword", "filename": "docker-compose.yml", "hashed_secret": "70bfae1f5bcf3a71fdef5d93e28ce3c5dc0b48e0", "is_verified": false, "line_number": 55, "is_secret": false }
    ],
    "scripts/bootstrap_local.py": [
      { "type": "Basic Auth Credentials", "filename": "scripts/bootstrap_local.py", "hashed_secret": "994282f2fe4eb6c6d14793a10ecef4bcffb09d05", "is_verified": false, "line_number": 21, "is_secret": false }
    ],
    "templates/report/design-tokens.lock.json": [
      { "type": "Hex High Entropy String", "filename": "templates/report/design-tokens.lock.json", "hashed_secret": "9a0da0db3c03830348d99e1ad11384be02e9f748", "is_verified": false, "line_number": 4, "is_secret": false },
      { "type": "Hex High Entropy String", "filename": "templates/report/design-tokens.lock.json", "hashed_secret": "6598c87e50788e482b091901e6f8e82c8fd60f7b", "is_verified": false, "line_number": 7, "is_secret": false }
    ],
    "tests/l1_unit/test_agent_contract.py": [
      { "type": "Hex High Entropy String", "filename": "tests/l1_unit/test_agent_contract.py", "hashed_secret": "8f7f7472ceab656c8046e03cb25948fb4c1f4c23", "is_verified": false, "line_number": 20, "is_secret": false }
    ],
    "tests/l3_integration/auth/test_current_identity_gates.py": [
      { "type": "Secret Keyword", "filename": "tests/l3_integration/auth/test_current_identity_gates.py", "hashed_secret": "c607702c6a80463ce15165c62276bfcade0aed63", "is_verified": false, "line_number": 28, "is_secret": false }
    ],
    "tests/l3_integration/training/test_team_catalog.py": [
      { "type": "Base64 High Entropy String", "filename": "tests/l3_integration/training/test_team_catalog.py", "hashed_secret": "829c7d119ee5090097aa6699c809d3e8bd412225", "is_verified": false, "line_number": 337, "is_secret": false }
    ],
    "tests/support.py": [
      { "type": "Basic Auth Credentials", "filename": "tests/support.py", "hashed_secret": "994282f2fe4eb6c6d14793a10ecef4bcffb09d05", "is_verified": false, "line_number": 32, "is_secret": false }
    ]
  }
}
