{
  "version": "1.5.0",
  "plugins_used": [
    { "name": "ArtifactoryDetector" },
    { "name": "AWSKeyDetector" },
    { "name": "AzureStorageKeyDetector" },
    { "name": "Base64HighEntropyString", "limit": 4.5 },
    { "name": "BasicAuthDetector" },
    { "name": "CloudantDetector" },
    { "name": "DiscordBotTokenDetector" },
    { "name": "GitHubTokenDetector" },
    { "name": "GitLabTokenDetector" },
    { "name": "HexHighEntropyString", "limit": 3.0 },
    { "name": "IbmCloudIamDetector" },
    { "name": "IbmCosHmacDetector" },
    { "name": "IPPublicDetector" },
    { "name": "JwtTokenDetector" },
    { "name": "KeywordDetector", "keyword_exclude": "" },
    { "name": "MailchimpDetector" },
    { "name": "NpmDetector" },
    { "name": "OpenAIDetector" },
    { "name": "PrivateKeyDetector" },
    { "name": "PypiTokenDetector" },
    { "name": "SendGridDetector" },
    { "name": "SlackDetector" },
    { "name": "SoftlayerDetector" },
    { "name": "SquareOAuthDetector" },
    { "name": "StripeDetector" },
    { "name": "TelegramBotTokenDetector" },
    { "name": "TwilioKeyDetector" }
  ],
  "filters_used": [
    { "path": "detect_secrets.filters.allowlist.is_line_allowlisted" },
    { "path": "detect_secrets.filters.heuristic.is_indirect_reference" },
    { "path": "detect_secrets.filters.heuristic.is_likely_id_string" },
    { "path": "detect_secrets.filters.heuristic.is_lock_file" },
    { "path": "detect_secrets.filters.heuristic.is_not_alphanumeric_string" },
    { "path": "detect_secrets.filters.heuristic.is_potential_uuid" },
    { "path": "detect_secrets.filters.heuristic.is_prefixed_with_dollar_sign" },
    { "path": "detect_secrets.filters.heuristic.is_sequential_string" },
    { "path": "detect_secrets.filters.heuristic.is_swagger_file" },
    { "path": "detect_secrets.filters.heuristic.is_templated_secret" }
  ],
  "results": {
    ".env.example": [
      { "type": "Basic Auth Credentials", "filename": ".env.example", "hashed_secret": "994282f2fe4eb6c6d14793a10ecef4bcffb09d05", "is_verified": false, "line_number": 22, "is_secret": false }
    ],
    ".github/workflows/ci.yml": [
      { "type": "Secret Keyword", "filename": ".github/workflows/ci.yml", "hashed_secret": "afc848c316af1a89d49826c5ae9d00ed769415f3", "is_verified": false, "line_number": 18, "is_secret": false },
      { "type": "Basic Auth Credentials", "filename": ".github/workflows/ci.yml", "hashed_secret": "994282f2fe4eb6c6d14793a10ecef4bcffb09d05", "is_verified": false, "line_number": 26, "is_secret": false },
      { "type": "Secret Keyword", "filename": ".github/workflows/ci.yml", "hashed_secret": "9a1a3beb4232e4adc48d1b72d81ec7c13ca0f71f", "is_verified": false, "line_number": 31, "is_secret": false },
      { "type": "Secret Keyword", "filename": ".github/workflows/ci.yml", "hashed_secret": "a2c64cb3355470af4a0f0c0ab731296c8404d28b", "is_verified": false, "line_number": 51, "is_secret": false }
    ],
    "contracts/platform.lock.json": [
      {"type": "Hex High Entropy String", "filename": "contracts/platform.lock.json", "hashed_secret": "16a27fcb6e3f990be73d355ccbf3aca7d10ddb38", "is_verified": false, "line_number": 4, "is_secret": false},
      {"type": "Hex High Entropy String", "filename": "contracts/platform.lock.json", "hashed_secret": "da6b49a72c19e2d88ca8f08d6b51addfb6d1e75c", "is_verified": false, "line_number": 8, "is_secret": false},
      {"type": "Hex High Entropy String", "filename": "contracts/platform.lock.json", "hashed_secret": "146c8aa0b2b7ca04fbcdd325891444c76472dc99", "is_verified": false, "line_number": 9, "is_secret": false},
      {"type": "Hex High Entropy String", "filename": "contracts/platform.lock.json", "hashed_secret": "eb6cc477a414a0d6350b93c5604cf7f3960953a1", "is_verified": false, "line_number": 10, "is_secret": false},
      {"type": "Hex High Entropy String", "filename": "contracts/platform.lock.json", "hashed_secret": "959dbc46a75b75c461216775b0bcc3ba6ad92a48", "is_verified": false, "line_number": 11, "is_secret": false},
      {"type": "Hex High Entropy String", "filename": "contracts/platform.lock.json", "hashed_secret": "40edf6b64890b44ba41f292b18e3d62433367d56", "is_verified": false, "line_number": 12, "is_secret": false},
      {"type": "Hex High Entropy String", "filename": "contracts/platform.lock.json", "hashed_secret": "4662e87b3572e3eec5346b952631ad22bc61abe5", "is_verified": false, "line_number": 13, "is_secret": false},
      {"type": "Hex High Entropy String", "filename": "contracts/platform.lock.json", "hashed_secret": "b8e3a0d4a15d0a6c630ec14e3d7437fc9d9c9014", "is_verified": false, "line_number": 14, "is_secret": false},
      {"type": "Hex High Entropy String", "filename": "contracts/platform.lock.json", "hashed_secret": "79b16493eab5131d0f93bc6c88f07c0317af0939", "is_verified": false, "line_number": 15, "is_secret": false},
      {"type": "Hex High Entropy String", "filename": "contracts/platform.lock.json", "hashed_secret": "b7a864fa667404e73330e844078d8376a0182e60", "is_verified": false, "line_number": 16, "is_secret": false},
      {"type": "Hex High Entropy String", "filename": "contracts/platform.lock.json", "hashed_secret": "463f00075f6825a4bde40d15d863162e0e3d46ce", "is_verified": false, "line_number": 17, "is_secret": false},
      {"type": "Hex High Entropy String", "filename": "contracts/platform.lock.json", "hashed_secret": "8b6d40f5df44085d93ce4787740969d5e6519753", "is_verified": false, "line_number": 18, "is_secret": false},
      {"type": "Hex High Entropy String", "filename": "contracts/platform.lock.json", "hashed_secret": "21cf4df8e4e7bd0fae597dbb9c43b9cc7b0b464e", "is_verified": false, "line_number": 19, "is_secret": false},
      {"type": "Hex High Entropy String", "filename": "contracts/platform.lock.json", "hashed_secret": "5e8ed7e1a39814b3d5fe0616d52df34a6ed4832c", "is_verified": false, "line_number": 20, "is_secret": false},
      {"type": "Hex High Entropy String", "filename": "contracts/platform.lock.json", "hashed_secret": "ed21dfc4ba4c3d87ef68857aeae6292ea5a31fc1", "is_verified": false, "line_number": 21, "is_secret": false},
      {"type": "Hex High Entropy String", "filename": "contracts/platform.lock.json", "hashed_secret": "5f7a96e17ad4132fbd8c36f6899b533935e53b3c", "is_verified": false, "line_number": 22, "is_secret": false},
      {"type": "Hex High Entropy String", "filename": "contracts/platform.lock.json", "hashed_secret": "56619a043b6ec6ed737df948d49c2f4f762abab0", "is_verified": false, "line_number": 23, "is_secret": false}
    ],
    "contracts/runtime-bundle.lock.json": [
      { "type": "Hex High Entropy String", "filename": "contracts/runtime-bundle.lock.json", "hashed_secret": "60cf3f9346f6db74626b2fd2617cf6977d9a8c5c", "is_verified": false, "line_number": 4, "is_secret": false },
      { "type": "Hex High Entropy String", "filename": "contracts/runtime-bundle.lock.json", "hashed_secret": "bc814160cacbc3b2b4650d326cae5511fb49402d", "is_verified": false, "line_number": 7, "is_secret": false },
      { "type": "Hex High Entropy String", "filename": "contracts/runtime-bundle.lock.json", "hashed_secret": "4ab34c6fc1a5cc5c49bae5c0be13c5e02b7dc8fa", "is_verified": false, "line_number": 8, "is_secret": false },
      { "type": "Hex High Entropy String", "filename": "contracts/runtime-bundle.lock.json", "hashed_secret": "34ac000da71d1448fca759649ace3fbc99dfb877", "is_verified": false, "line_number": 9, "is_secret": false }
    ],
    "docker-compose.yml": [
      { "type": "Secret Keyword", "filename": "docker-compose.yml", "hashed_secret": "994282f2fe4eb6c6d14793a10ecef4bcffb09d05", "is_verified": false, "line_number": 30, "is_secret": false },
      { "type": "Secret Keyword", "filename": "docker-compose.yml", "hashed_secret": "70bfae1f5bcf3a71fdef5d93e28ce3c5dc0b48e0", "is_verified": false, "line_number": 60, "is_secret": false }
    ],
    "scripts/bootstrap_local.py": [
      { "type": "Basic Auth Credentials", "filename": "scripts/bootstrap_local.py", "hashed_secret": "994282f2fe4eb6c6d14793a10ecef4bcffb09d05", "is_verified": false, "line_number": 21, "is_secret": false }
    ],
    "templates/report/design-tokens.lock.json": [
      { "type": "Hex High Entropy String", "filename": "templates/report/design-tokens.lock.json", "hashed_secret": "9a0da0db3c03830348d99e1ad11384be02e9f748", "is_verified": false, "line_number": 4, "is_secret": false },
      { "type": "Hex High Entropy String", "filename": "templates/report/design-tokens.lock.json", "hashed_secret": "6598c87e50788e482b091901e6f8e82c8fd60f7b", "is_verified": false, "line_number": 7, "is_secret": false }
    ],
    "tests/l1_unit/test_agent_contract.py": [
      { "type": "Hex High Entropy String", "filename": "tests/l1_unit/test_agent_contract.py", "hashed_secret": "8f7f7472ceab656c8046e03cb25948fb4c1f4c23", "is_verified": false, "line_number": 20, "is_secret": false }
    ],
    "tests/fixtures/grading/expert-evidence.template.v1.json": [
      { "type": "Hex High Entropy String", "filename": "tests/fixtures/grading/expert-evidence.template.v1.json", "hashed_secret": "bbbd81e2b9334d7513f60a031e4538d6519ea977", "is_verified": false, "line_number": 3, "is_secret": false }
    ],
    "tests/fixtures/grading/corpus.v1.json": [
      { "type": "Hex High Entropy String", "filename": "tests/fixtures/grading/corpus.v1.json", "hashed_secret": "c73474593f7fd589acc1ddd53e8368c2418c3e2c", "is_verified": false, "line_number": 18, "is_secret": false },
      { "type": "Hex High Entropy String", "filename": "tests/fixtures/grading/corpus.v1.json", "hashed_secret": "154072fb6edcb89de642cddfad59cec502d38c0e", "is_verified": false, "line_number": 19, "is_secret": false },
      { "type": "Hex High Entropy String", "filename": "tests/fixtures/grading/corpus.v1.json", "hashed_secret": "124b7316118e98f193eee1ba1602ef0ea9f158e9", "is_verified": false, "line_number": 49, "is_secret": false },
      { "type": "Hex High Entropy String", "filename": "tests/fixtures/grading/corpus.v1.json", "hashed_secret": "0e887b2a7221e7a131b13ff89d1f5b0bde65b496", "is_verified": false, "line_number": 50, "is_secret": false },
      { "type": "Hex High Entropy String", "filename": "tests/fixtures/grading/corpus.v1.json", "hashed_secret": "c3c9e9a078e88c2271d4e3035a272ce12cd17dfa", "is_verified": false, "line_number": 80, "is_secret": false },
      { "type": "Hex High Entropy String", "filename": "tests/fixtures/grading/corpus.v1.json", "hashed_secret": "2653cc5289618911e2af22f620bea3b6630c2d68", "is_verified": false, "line_number": 81, "is_secret": false },
      { "type": "Hex High Entropy String", "filename": "tests/fixtures/grading/corpus.v1.json", "hashed_secret": "0317212dfb6783cfdbff305dc6edc9eb31f8c39f", "is_verified": false, "line_number": 111, "is_secret": false },
      { "type": "Hex High Entropy String", "filename": "tests/fixtures/grading/corpus.v1.json", "hashed_secret": "2d2d45eb5634c162aaddf31d41337cd4caf9cd44", "is_verified": false, "line_number": 118, "is_secret": false },
      { "type": "Hex High Entropy String", "filename": "tests/fixtures/grading/corpus.v1.json", "hashed_secret": "b68f748e453888c6fd4d05491e2cf3e39ccdeaed", "is_verified": false, "line_number": 119, "is_secret": false },
      { "type": "Hex High Entropy String", "filename": "tests/fixtures/grading/corpus.v1.json", "hashed_secret": "d28256350cc0056992a43859ced2bcec193624e7", "is_verified": false, "line_number": 149, "is_secret": false },
      { "type": "Hex High Entropy String", "filename": "tests/fixtures/grading/corpus.v1.json", "hashed_secret": "c6a8da8709c175b17a365c47d6b98fff1c7a5e8c", "is_verified": false, "line_number": 150, "is_secret": false },
      { "type": "Hex High Entropy String", "filename": "tests/fixtures/grading/corpus.v1.json", "hashed_secret": "6f2c3be7a8d2e7979873904ec6815984af216785", "is_verified": false, "line_number": 180, "is_secret": false },
      { "type": "Hex High Entropy String", "filename": "tests/fixtures/grading/corpus.v1.json", "hashed_secret": "0b3d72cc33d0019049b1b0f92819bfa1d43a123b", "is_verified": false, "line_number": 181, "is_secret": false },
      { "type": "Hex High Entropy String", "filename": "tests/fixtures/grading/corpus.v1.json", "hashed_secret": "00c0314f51d219badb7a7765c281f120970107cb", "is_verified": false, "line_number": 211, "is_secret": false },
      { "type": "Hex High Entropy String", "filename": "tests/fixtures/grading/corpus.v1.json", "hashed_secret": "3d22e1a9e9f33ddf9dfaa49fc28db4ebd7f369a5", "is_verified": false, "line_number": 212, "is_secret": false },
      { "type": "Hex High Entropy String", "filename": "tests/fixtures/grading/corpus.v1.json", "hashed_secret": "183267d6bad05ceecc8569bda386f7bcae2ee8fb", "is_verified": false, "line_number": 242, "is_secret": false },
      { "type": "Hex High Entropy String", "filename": "tests/fixtures/grading/corpus.v1.json", "hashed_secret": "b315cbf1b6a3a093d0e5358aee824f7288986411", "is_verified": false, "line_number": 243, "is_secret": false },
      { "type": "Hex High Entropy String", "filename": "tests/fixtures/grading/corpus.v1.json", "hashed_secret": "190ce1ea905962b376972cb1b4e9a57a8106eeb4", "is_verified": false, "line_number": 273, "is_secret": false },
      { "type": "Hex High Entropy String", "filename": "tests/fixtures/grading/corpus.v1.json", "hashed_secret": "a79d93e0529382dffafbacefc906d1868ec507d3", "is_verified": false, "line_number": 280, "is_secret": false },
      { "type": "Hex High Entropy String", "filename": "tests/fixtures/grading/corpus.v1.json", "hashed_secret": "dc61178e873cb12827d19d57adcea7d591360896", "is_verified": false, "line_number": 281, "is_secret": false },
      { "type": "Hex High Entropy String", "filename": "tests/fixtures/grading/corpus.v1.json", "hashed_secret": "a9bd77142e9d483fe3ad5fa94c17845480603dee", "is_verified": false, "line_number": 311, "is_secret": false },
      { "type": "Hex High Entropy String", "filename": "tests/fixtures/grading/corpus.v1.json", "hashed_secret": "1a648fec9bfc322fb52edfe6cc43bc142f4f6178", "is_verified": false, "line_number": 312, "is_secret": false }
    ],
    "tests/l3_integration/auth/test_current_identity_gates.py": [
      { "type": "Secret Keyword", "filename": "tests/l3_integration/auth/test_current_identity_gates.py", "hashed_secret": "c607702c6a80463ce15165c62276bfcade0aed63", "is_verified": false, "line_number": 28, "is_secret": false }
    ],
    "tests/l3_integration/training/test_team_catalog.py": [
      { "type": "Base64 High Entropy String", "filename": "tests/l3_integration/training/test_team_catalog.py", "hashed_secret": "829c7d119ee5090097aa6699c809d3e8bd412225", "is_verified": false, "line_number": 337, "is_secret": false }
    ],
    "tests/support.py": [
      { "type": "Basic Auth Credentials", "filename": "tests/support.py", "hashed_secret": "994282f2fe4eb6c6d14793a10ecef4bcffb09d05", "is_verified": false, "line_number": 32, "is_secret": false }
    ]
  }
}
